Using pre-set license
Built from '2022.3/staging' branch; Version is '2022.3.22f1 (887be4894c44) revision 8944612'; Using compiler version '192829333'; Build Type 'Release'
OS: 'Windows 11  (10.0.22621) 64bit Professional' Language: 'fr' Physical Memory: 16016 MB
BatchMode: 1, IsHumanControllingUs: 0, StartBugReporterOnCrash: 0, Is64bit: 1, IsPro: 1

COMMAND LINE ARGUMENTS:
C:\Program Files\Unity\Hub\Editor\2022.3.22f1\Editor\Unity.exe
-adb2
-batchMode
-noUpm
-name
AssetImportWorker1
-projectPath
C:/Users/wiem.chebli/OneDrive - APS COATINGS/Documents/COURS/unity/ProjectVRUnity
-logFile
Logs/AssetImportWorker1.log
-srvPort
53593
Successfully changed project path to: C:/Users/wiem.chebli/OneDrive - APS COATINGS/Documents/COURS/unity/ProjectVRUnity
C:/Users/wiem.chebli/OneDrive - APS COATINGS/Documents/COURS/unity/ProjectVRUnity
[UnityMemory] Configuration Parameters - Can be set up in boot.config
    "memorysetup-bucket-allocator-granularity=16"
    "memorysetup-bucket-allocator-bucket-count=8"
    "memorysetup-bucket-allocator-block-size=33554432"
    "memorysetup-bucket-allocator-block-count=8"
    "memorysetup-main-allocator-block-size=16777216"
    "memorysetup-thread-allocator-block-size=16777216"
    "memorysetup-gfx-main-allocator-block-size=16777216"
    "memorysetup-gfx-thread-allocator-block-size=16777216"
    "memorysetup-cache-allocator-block-size=4194304"
    "memorysetup-typetree-allocator-block-size=2097152"
    "memorysetup-profiler-bucket-allocator-granularity=16"
    "memorysetup-profiler-bucket-allocator-bucket-count=8"
    "memorysetup-profiler-bucket-allocator-block-size=33554432"
    "memorysetup-profiler-bucket-allocator-block-count=8"
    "memorysetup-profiler-allocator-block-size=16777216"
    "memorysetup-profiler-editor-allocator-block-size=1048576"
    "memorysetup-temp-allocator-size-main=16777216"
    "memorysetup-job-temp-allocator-block-size=2097152"
    "memorysetup-job-temp-allocator-block-size-background=1048576"
    "memorysetup-job-temp-allocator-reduction-small-platforms=262144"
    "memorysetup-allocator-temp-initial-block-size-main=262144"
    "memorysetup-allocator-temp-initial-block-size-worker=262144"
    "memorysetup-temp-allocator-size-background-worker=32768"
    "memorysetup-temp-allocator-size-job-worker=262144"
    "memorysetup-temp-allocator-size-preload-manager=33554432"
    "memorysetup-temp-allocator-size-nav-mesh-worker=65536"
    "memorysetup-temp-allocator-size-audio-worker=65536"
    "memorysetup-temp-allocator-size-cloud-worker=32768"
    "memorysetup-temp-allocator-size-gi-baking-worker=262144"
    "memorysetup-temp-allocator-size-gfx=262144"
Player connection [15160] Host "[IP] 192.168.1.86 [Port] 0 [Flags] 2 [Guid] 3104732861 [EditorId] 3104732861 [Version] 1048832 [Id] WindowsEditor(7,POR2023NOI017) [Debug] 1 [PackageName] WindowsEditor [ProjectName] Editor" joined multi-casting on [225.0.0.222:54997]...

Player connection [15160] Host "[IP] 192.168.1.86 [Port] 0 [Flags] 2 [Guid] 3104732861 [EditorId] 3104732861 [Version] 1048832 [Id] WindowsEditor(7,POR2023NOI017) [Debug] 1 [PackageName] WindowsEditor [ProjectName] Editor" joined alternative multi-casting on [225.0.0.222:34997]...

[Physics::Module] Initialized MultithreadedJobDispatcher with 11 workers.
Refreshing native plugins compatible for Editor in 739.12 ms, found 12 plugins.
Preloading 0 native plugins for Editor in 0.00 ms.
Initialize engine version: 2022.3.22f1 (887be4894c44)
[Subsystems] Discovering subsystems at path C:/Program Files/Unity/Hub/Editor/2022.3.22f1/Editor/Data/Resources/UnitySubsystems
[Subsystems] Discovering subsystems at path C:/Users/wiem.chebli/OneDrive - APS COATINGS/Documents/COURS/unity/ProjectVRUnity/Assets
GfxDevice: creating device client; threaded=0; jobified=0
Direct3D:
    Version:  Direct3D 11.0 [level 11.1]
    Renderer: Intel(R) UHD Graphics (ID=0x4628)
    Vendor:   Intel
    VRAM:     8008 MB
    Driver:   31.0.101.4575
Initialize mono
Mono path[0] = 'C:/Program Files/Unity/Hub/Editor/2022.3.22f1/Editor/Data/Managed'
Mono path[1] = 'C:/Program Files/Unity/Hub/Editor/2022.3.22f1/Editor/Data/MonoBleedingEdge/lib/mono/unityjit-win32'
Mono config path = 'C:/Program Files/Unity/Hub/Editor/2022.3.22f1/Editor/Data/MonoBleedingEdge/etc'
Using monoOptions --debugger-agent=transport=dt_socket,embedding=1,server=y,suspend=n,address=127.0.0.1:56384
Begin MonoManager ReloadAssembly
Registering precompiled unity dll's ...
Register platform support module: C:/Program Files/Unity/Hub/Editor/2022.3.22f1/Editor/Data/PlaybackEngines/WindowsStandaloneSupport/UnityEditor.WindowsStandalone.Extensions.dll
Registered in 0.042876 seconds.
- Loaded All Assemblies, in  2.861 seconds
Native extension for WindowsStandalone target not found
Mono: successfully reloaded assembly
- Finished resetting the current domain, in  1.077 seconds
Domain Reload Profiling: 3918ms
	BeginReloadAssembly (1739ms)
		ExecutionOrderSort (0ms)
		DisableScriptedObjects (0ms)
		BackupInstance (0ms)
		ReleaseScriptingObjects (0ms)
		CreateAndSetChildDomain (2ms)
	RebuildCommonClasses (243ms)
	RebuildNativeTypeToScriptingClass (30ms)
	initialDomainReloadingComplete (253ms)
	LoadAllAssembliesAndSetupDomain (574ms)
		LoadAssemblies (1758ms)
		RebuildTransferFunctionScriptingTraits (0ms)
		AnalyzeDomain (535ms)
			TypeCache.Refresh (532ms)
				TypeCache.ScanAssembly (464ms)
			ScanForSourceGeneratedMonoScriptInfo (1ms)
			ResolveRequiredComponents (1ms)
	FinalizeReload (1080ms)
		ReleaseScriptCaches (0ms)
		RebuildScriptCaches (0ms)
		SetupLoadedEditorAssemblies (814ms)
			LogAssemblyErrors (0ms)
			InitializePlatformSupportModulesInManaged (59ms)
			SetLoadedEditorAssemblies (28ms)
			RefreshPlugins (0ms)
			BeforeProcessingInitializeOnLoad (8ms)
			ProcessInitializeOnLoadAttributes (516ms)
			ProcessInitializeOnLoadMethodAttributes (203ms)
			AfterProcessingInitializeOnLoad (0ms)
			EditorAssembliesLoaded (0ms)
		ExecutionOrderSort2 (0ms)
		AwakeInstancesAfterBackupRestoration (0ms)
========================================================================
Worker process is ready to serve import requests
Begin MonoManager ReloadAssembly
- Loaded All Assemblies, in  6.905 seconds
Refreshing native plugins compatible for Editor in 844.30 ms, found 12 plugins.
Native extension for WindowsStandalone target not found
Package Manager log level set to [2]
[Package Manager] Server::EnsureServerProcessIsRunning -- launch failed, reason: Unity was launched with the -noUpm command-line argument
[Package Manager] UpmClient::Send -- Unable to send message (not connected to UPM process).
[Package Manager] Cannot connect to Unity Package Manager local server
[Package Manager] Server::EnsureServerProcessIsRunning -- launch failed, reason: Unity was launched with the -noUpm command-line argument
[Package Manager] UpmClient::Send -- Unable to send message (not connected to UPM process).
[Package Manager] Cannot connect to Unity Package Manager local server
Mono: successfully reloaded assembly
[Package Manager] Server::EnsureServerProcessIsRunning -- launch failed, reason: Unity was launched with the -noUpm command-line argument
[Package Manager] UpmClient::Send -- Unable to send message (not connected to UPM process).
[Package Manager] Cannot connect to Unity Package Manager local server
[Package Manager] Server::EnsureServerProcessIsRunning -- launch failed, reason: Unity was launched with the -noUpm command-line argument
[Package Manager] UpmClient::Send -- Unable to send message (not connected to UPM process).
[Package Manager] Cannot connect to Unity Package Manager local server
- Finished resetting the current domain, in  3.260 seconds
Domain Reload Profiling: 10137ms
	BeginReloadAssembly (1502ms)
		ExecutionOrderSort (0ms)
		DisableScriptedObjects (20ms)
		BackupInstance (0ms)
		ReleaseScriptingObjects (0ms)
		CreateAndSetChildDomain (49ms)
	RebuildCommonClasses (129ms)
	RebuildNativeTypeToScriptingClass (23ms)
	initialDomainReloadingComplete (376ms)
	LoadAllAssembliesAndSetupDomain (4846ms)
		LoadAssemblies (5064ms)
		RebuildTransferFunctionScriptingTraits (0ms)
		AnalyzeDomain (1093ms)
			TypeCache.Refresh (936ms)
				TypeCache.ScanAssembly (855ms)
			ScanForSourceGeneratedMonoScriptInfo (107ms)
			ResolveRequiredComponents (46ms)
	FinalizeReload (3261ms)
		ReleaseScriptCaches (0ms)
		RebuildScriptCaches (0ms)
		SetupLoadedEditorAssemblies (2561ms)
			LogAssemblyErrors (0ms)
			InitializePlatformSupportModulesInManaged (21ms)
			SetLoadedEditorAssemblies (19ms)
			RefreshPlugins (0ms)
			BeforeProcessingInitializeOnLoad (339ms)
			ProcessInitializeOnLoadAttributes (1756ms)
			ProcessInitializeOnLoadMethodAttributes (388ms)
			AfterProcessingInitializeOnLoad (36ms)
			EditorAssembliesLoaded (2ms)
		ExecutionOrderSort2 (0ms)
		AwakeInstancesAfterBackupRestoration (29ms)
Launched and connected shader compiler UnityShaderCompiler.exe after 0.41 seconds
Refreshing native plugins compatible for Editor in 305.22 ms, found 12 plugins.
Preloading 0 native plugins for Editor in 0.00 ms.
Unloading 7000 Unused Serialized files (Serialized files now loaded: 0)
Unloading 150 unused Assets / (2.3 MB). Loaded Objects now: 7416.
Memory consumption went from 285.2 MB to 282.9 MB.
Total: 12.987600 ms (FindLiveObjects: 1.335900 ms CreateObjectMapping: 1.051100 ms MarkObjects: 8.238000 ms  DeleteObjects: 2.358700 ms)

AssetImportParameters requested are different than current active one (requested -> active):
  custom:container-demuxer-ogg: 62fdf1f143b41e24485cea50d1cbac27 -> 
  custom:framework-win-MediaFoundation: 216162199b28c13a410421893ffa2e32 -> 
  custom:container-muxer-webm: aa71ff27fc2769a1b78a27578f13a17b -> 
  custom:video-decoder-webm-vp8: 9c59270c3fd7afecdb556c50c9e8de78 -> 
  custom:SearchIndexIgnoredProperties: e643bd26f0fe6173181afceb89e7c659 -> 
  custom:AudioImporter_EditorPlatform: d09bf68614088b80899f8185d706f6e7 -> 
  custom:audio-decoder-ogg-vorbis: bf7c407c2cedff20999df2af8eb42d56 -> 
  custom:audio-encoder-webm-vorbis: bf7c407c2cedff20999df2af8eb42d56 -> 
  custom:video-codec-MediaFoundation-h265: 746d11721c4dcdbdad8f713fa42b33f4 -> 
  custom:video-decoder-ogg-theora: a1e56fd34408186e4bbccfd4996cb3dc -> 
  custom:CustomObjectIndexerAttribute: 72b91833f83ae208fae7752999fa3104 -> 
  custom:container-demuxer-webm: 4f35f7cbe854078d1ac9338744f61a02 -> 
  custom:video-encoder-webm-vp8: eb34c28f22e8b96e1ab97ce403110664 -> 
========================================================================
Received Import Request.
  Time since last request: 222556.343770 seconds.
  path: Assets/Starter Assets/TutorialInfo/Readme.asset
  artifactKey: Guid(4181bfe715a83e843b7538d750dc57cc) Importer(815301076,1909f56bfc062723c751e8b465ee728b)
Start importing Assets/Starter Assets/TutorialInfo/Readme.asset using Guid(4181bfe715a83e843b7538d750dc57cc) Importer(815301076,1909f56bfc062723c751e8b465ee728b)  -> (artifact id: '3f13e55bd99eaf4fc9b7737d920c90b1') in 0.071853 seconds
Number of updated asset objects reloaded before import = 0
Number of asset objects unloaded after import = 2
========================================================================
Received Import Request.
  Time since last request: 73.215210 seconds.
  path: Assets/9t5 Low Poly Playground/Materials/Playground 1.mat
  artifactKey: Guid(dec19f4a5772e454eb3f597247c466ba) Importer(815301076,1909f56bfc062723c751e8b465ee728b)
Start importing Assets/9t5 Low Poly Playground/Materials/Playground 1.mat using Guid(dec19f4a5772e454eb3f597247c466ba) Importer(815301076,1909f56bfc062723c751e8b465ee728b)  -> (artifact id: '0e1777034e3da794156b19be53dc7674') in 3.885659 seconds
Number of updated asset objects reloaded before import = 0
Number of asset objects unloaded after import = 2
========================================================================
Received Import Request.
  Time since last request: 0.000060 seconds.
  path: Assets/9t5 Low Poly Playground/Materials/Playground 4.mat
  artifactKey: Guid(c33fc907a17f4a84dab1ccacb9b39d19) Importer(815301076,1909f56bfc062723c751e8b465ee728b)
Start importing Assets/9t5 Low Poly Playground/Materials/Playground 4.mat using Guid(c33fc907a17f4a84dab1ccacb9b39d19) Importer(815301076,1909f56bfc062723c751e8b465ee728b)  -> (artifact id: '24bffe9af7d5f3d80eec86a14feeee21') in 0.069795 seconds
Number of updated asset objects reloaded before import = 0
Number of asset objects unloaded after import = 2
========================================================================
Received Import Request.
  Time since last request: 0.000073 seconds.
  path: Assets/9t5 Low Poly Playground/Materials/Sand Pit 1.mat
  artifactKey: Guid(f251be4e41510f44c81eb26a67e46a5e) Importer(815301076,1909f56bfc062723c751e8b465ee728b)
Start importing Assets/9t5 Low Poly Playground/Materials/Sand Pit 1.mat using Guid(f251be4e41510f44c81eb26a67e46a5e) Importer(815301076,1909f56bfc062723c751e8b465ee728b)  -> (artifact id: '01f229ac82ef3ac3f9491838c7cff7cb') in 0.058639 seconds
Number of updated asset objects reloaded before import = 0
Number of asset objects unloaded after import = 2
========================================================================
Received Import Request.
  Time since last request: 0.000054 seconds.
  path: Assets/9t5 Low Poly Playground/Materials/Sand Pit 2.mat
  artifactKey: Guid(3048c4177215a7949b2d26ac33e32a8c) Importer(815301076,1909f56bfc062723c751e8b465ee728b)
Start importing Assets/9t5 Low Poly Playground/Materials/Sand Pit 2.mat using Guid(3048c4177215a7949b2d26ac33e32a8c) Importer(815301076,1909f56bfc062723c751e8b465ee728b)  -> (artifact id: '7594266f5f9dbe8de51e9bbba8c5961e') in 0.055443 seconds
Number of updated asset objects reloaded before import = 0
Number of asset objects unloaded after import = 2
========================================================================
Received Import Request.
  Time since last request: 0.000058 seconds.
  path: Assets/9t5 Low Poly Playground/Materials/Playground 2.mat
  artifactKey: Guid(b60d813b1a1648143b40741efbc79b6b) Importer(815301076,1909f56bfc062723c751e8b465ee728b)
Start importing Assets/9t5 Low Poly Playground/Materials/Playground 2.mat using Guid(b60d813b1a1648143b40741efbc79b6b) Importer(815301076,1909f56bfc062723c751e8b465ee728b)  -> (artifact id: 'cbbc9772333a2e6e875aa9e9b99a157b') in 0.064903 seconds
Number of updated asset objects reloaded before import = 0
Number of asset objects unloaded after import = 2
========================================================================
Received Import Request.
  Time since last request: 0.000271 seconds.
  path: Assets/9t5 Low Poly Playground/Materials/Tree 2.mat
  artifactKey: Guid(7360fc183afc9a6499ad88c0bd978d6a) Importer(815301076,1909f56bfc062723c751e8b465ee728b)
Start importing Assets/9t5 Low Poly Playground/Materials/Tree 2.mat using Guid(7360fc183afc9a6499ad88c0bd978d6a) Importer(815301076,1909f56bfc062723c751e8b465ee728b)  -> (artifact id: '145d505285f0d103df8e698da5af13d9') in 0.083426 seconds
Number of updated asset objects reloaded before import = 0
Number of asset objects unloaded after import = 2
========================================================================
Received Prepare
Begin MonoManager ReloadAssembly
- Loaded All Assemblies, in  5.305 seconds
Refreshing native plugins compatible for Editor in 280.52 ms, found 12 plugins.
Native extension for WindowsStandalone target not found
[Package Manager] Server::EnsureServerProcessIsRunning -- launch failed, reason: Unity was launched with the -noUpm command-line argument
[Package Manager] UpmClient::Send -- Unable to send message (not connected to UPM process).
[Package Manager] Cannot connect to Unity Package Manager local server
[Package Manager] Server::EnsureServerProcessIsRunning -- launch failed, reason: Unity was launched with the -noUpm command-line argument
[Package Manager] UpmClient::Send -- Unable to send message (not connected to UPM process).
[Package Manager] Cannot connect to Unity Package Manager local server
Mono: successfully reloaded assembly
[Package Manager] Server::EnsureServerProcessIsRunning -- launch failed, reason: Unity was launched with the -noUpm command-line argument
[Package Manager] UpmClient::Send -- Unable to send message (not connected to UPM process).
[Package Manager] Cannot connect to Unity Package Manager local server
- Finished resetting the current domain, in 40.160 seconds
Domain Reload Profiling: 45436ms
	BeginReloadAssembly (2012ms)
		ExecutionOrderSort (0ms)
		DisableScriptedObjects (30ms)
		BackupInstance (0ms)
		ReleaseScriptingObjects (0ms)
		CreateAndSetChildDomain (113ms)
	RebuildCommonClasses (191ms)
	RebuildNativeTypeToScriptingClass (42ms)
	initialDomainReloadingComplete (193ms)
	LoadAllAssembliesAndSetupDomain (2836ms)
		LoadAssemblies (4493ms)
		RebuildTransferFunctionScriptingTraits (0ms)
		AnalyzeDomain (89ms)
			TypeCache.Refresh (21ms)
				TypeCache.ScanAssembly (0ms)
			ScanForSourceGeneratedMonoScriptInfo (1ms)
			ResolveRequiredComponents (64ms)
	FinalizeReload (40161ms)
		ReleaseScriptCaches (0ms)
		RebuildScriptCaches (0ms)
		SetupLoadedEditorAssemblies (2530ms)
			LogAssemblyErrors (0ms)
			InitializePlatformSupportModulesInManaged (25ms)
			SetLoadedEditorAssemblies (12ms)
			RefreshPlugins (0ms)
			BeforeProcessingInitializeOnLoad (354ms)
			ProcessInitializeOnLoadAttributes (1650ms)
			ProcessInitializeOnLoadMethodAttributes (439ms)
			AfterProcessingInitializeOnLoad (48ms)
			EditorAssembliesLoaded (2ms)
		ExecutionOrderSort2 (0ms)
		AwakeInstancesAfterBackupRestoration (55ms)
Refreshing native plugins compatible for Editor in 532.60 ms, found 12 plugins.
Preloading 0 native plugins for Editor in 0.00 ms.
Unloading 6810 Unused Serialized files (Serialized files now loaded: 0)
Unloading 97 unused Assets / (2.2 MB). Loaded Objects now: 7514.
Memory consumption went from 250.8 MB to 248.6 MB.
Total: 9.684700 ms (FindLiveObjects: 1.168200 ms CreateObjectMapping: 0.311800 ms MarkObjects: 6.037500 ms  DeleteObjects: 2.164500 ms)

Prepare: number of updated asset objects reloaded= 0
AssetImportParameters requested are different than current active one (requested -> active):
  custom:container-demuxer-ogg: 62fdf1f143b41e24485cea50d1cbac27 -> 
  custom:framework-win-MediaFoundation: 216162199b28c13a410421893ffa2e32 -> 
  custom:container-muxer-webm: aa71ff27fc2769a1b78a27578f13a17b -> 
  custom:video-decoder-webm-vp8: 9c59270c3fd7afecdb556c50c9e8de78 -> 
  custom:SearchIndexIgnoredProperties: e643bd26f0fe6173181afceb89e7c659 -> 
  custom:AudioImporter_EditorPlatform: d09bf68614088b80899f8185d706f6e7 -> 
  custom:audio-decoder-ogg-vorbis: bf7c407c2cedff20999df2af8eb42d56 -> 
  custom:audio-encoder-webm-vorbis: bf7c407c2cedff20999df2af8eb42d56 -> 
  custom:video-codec-MediaFoundation-h265: 746d11721c4dcdbdad8f713fa42b33f4 -> 
  custom:video-decoder-ogg-theora: a1e56fd34408186e4bbccfd4996cb3dc -> 
  custom:CustomObjectIndexerAttribute: 72b91833f83ae208fae7752999fa3104 -> 
  custom:container-demuxer-webm: 4f35f7cbe854078d1ac9338744f61a02 -> 
  custom:video-encoder-webm-vp8: eb34c28f22e8b96e1ab97ce403110664 -> 
========================================================================
Received Prepare
Begin MonoManager ReloadAssembly
- Loaded All Assemblies, in  2.831 seconds
Refreshing native plugins compatible for Editor in 234.42 ms, found 12 plugins.
Native extension for WindowsStandalone target not found
[Package Manager] Server::EnsureServerProcessIsRunning -- launch failed, reason: Unity was launched with the -noUpm command-line argument
[Package Manager] UpmClient::Send -- Unable to send message (not connected to UPM process).
[Package Manager] Cannot connect to Unity Package Manager local server
[Package Manager] Server::EnsureServerProcessIsRunning -- launch failed, reason: Unity was launched with the -noUpm command-line argument
[Package Manager] UpmClient::Send -- Unable to send message (not connected to UPM process).
[Package Manager] Cannot connect to Unity Package Manager local server
Mono: successfully reloaded assembly
[Package Manager] Server::EnsureServerProcessIsRunning -- launch failed, reason: Unity was launched with the -noUpm command-line argument
[Package Manager] UpmClient::Send -- Unable to send message (not connected to UPM process).
[Package Manager] Cannot connect to Unity Package Manager local server
- Finished resetting the current domain, in 29.098 seconds
Domain Reload Profiling: 31915ms
	BeginReloadAssembly (982ms)
		ExecutionOrderSort (0ms)
		DisableScriptedObjects (10ms)
		BackupInstance (0ms)
		ReleaseScriptingObjects (0ms)
		CreateAndSetChildDomain (97ms)
	RebuildCommonClasses (83ms)
	RebuildNativeTypeToScriptingClass (19ms)
	initialDomainReloadingComplete (94ms)
	LoadAllAssembliesAndSetupDomain (1639ms)
		LoadAssemblies (2379ms)
		RebuildTransferFunctionScriptingTraits (0ms)
		AnalyzeDomain (63ms)
			TypeCache.Refresh (21ms)
				TypeCache.ScanAssembly (0ms)
			ScanForSourceGeneratedMonoScriptInfo (0ms)
			ResolveRequiredComponents (39ms)
	FinalizeReload (29099ms)
		ReleaseScriptCaches (0ms)
		RebuildScriptCaches (0ms)
		SetupLoadedEditorAssemblies (2236ms)
			LogAssemblyErrors (0ms)
			InitializePlatformSupportModulesInManaged (29ms)
			SetLoadedEditorAssemblies (19ms)
			RefreshPlugins (0ms)
			BeforeProcessingInitializeOnLoad (449ms)
			ProcessInitializeOnLoadAttributes (1464ms)
			ProcessInitializeOnLoadMethodAttributes (260ms)
			AfterProcessingInitializeOnLoad (14ms)
			EditorAssembliesLoaded (1ms)
		ExecutionOrderSort2 (0ms)
		AwakeInstancesAfterBackupRestoration (21ms)
Refreshing native plugins compatible for Editor in 531.06 ms, found 12 plugins.
Preloading 0 native plugins for Editor in 0.00 ms.
Unloading 6810 Unused Serialized files (Serialized files now loaded: 0)
Unloading 97 unused Assets / (2.3 MB). Loaded Objects now: 7532.
Memory consumption went from 252.7 MB to 250.4 MB.
Total: 10.967600 ms (FindLiveObjects: 1.223900 ms CreateObjectMapping: 0.612300 ms MarkObjects: 5.969700 ms  DeleteObjects: 3.158600 ms)

Prepare: number of updated asset objects reloaded= 0
AssetImportParameters requested are different than current active one (requested -> active):
  custom:container-demuxer-ogg: 62fdf1f143b41e24485cea50d1cbac27 -> 
  custom:framework-win-MediaFoundation: 216162199b28c13a410421893ffa2e32 -> 
  custom:container-muxer-webm: aa71ff27fc2769a1b78a27578f13a17b -> 
  custom:video-decoder-webm-vp8: 9c59270c3fd7afecdb556c50c9e8de78 -> 
  custom:SearchIndexIgnoredProperties: e643bd26f0fe6173181afceb89e7c659 -> 
  custom:AudioImporter_EditorPlatform: d09bf68614088b80899f8185d706f6e7 -> 
  custom:audio-decoder-ogg-vorbis: bf7c407c2cedff20999df2af8eb42d56 -> 
  custom:audio-encoder-webm-vorbis: bf7c407c2cedff20999df2af8eb42d56 -> 
  custom:video-codec-MediaFoundation-h265: 746d11721c4dcdbdad8f713fa42b33f4 -> 
  custom:video-decoder-ogg-theora: a1e56fd34408186e4bbccfd4996cb3dc -> 
  custom:CustomObjectIndexerAttribute: 72b91833f83ae208fae7752999fa3104 -> 
  custom:container-demuxer-webm: 4f35f7cbe854078d1ac9338744f61a02 -> 
  custom:video-encoder-webm-vp8: eb34c28f22e8b96e1ab97ce403110664 -> 
========================================================================
Received Prepare
Begin MonoManager ReloadAssembly
- Loaded All Assemblies, in  2.770 seconds
Refreshing native plugins compatible for Editor in 133.37 ms, found 12 plugins.
Native extension for WindowsStandalone target not found
[Package Manager] Server::EnsureServerProcessIsRunning -- launch failed, reason: Unity was launched with the -noUpm command-line argument
[Package Manager] UpmClient::Send -- Unable to send message (not connected to UPM process).
[Package Manager] Cannot connect to Unity Package Manager local server
[Package Manager] Server::EnsureServerProcessIsRunning -- launch failed, reason: Unity was launched with the -noUpm command-line argument
[Package Manager] UpmClient::Send -- Unable to send message (not connected to UPM process).
[Package Manager] Cannot connect to Unity Package Manager local server
Mono: successfully reloaded assembly
[Package Manager] Server::EnsureServerProcessIsRunning -- launch failed, reason: Unity was launched with the -noUpm command-line argument
[Package Manager] UpmClient::Send -- Unable to send message (not connected to UPM process).
[Package Manager] Cannot connect to Unity Package Manager local server
- Finished resetting the current domain, in 24.772 seconds
Domain Reload Profiling: 27533ms
	BeginReloadAssembly (867ms)
		ExecutionOrderSort (0ms)
		DisableScriptedObjects (8ms)
		BackupInstance (0ms)
		ReleaseScriptingObjects (0ms)
		CreateAndSetChildDomain (73ms)
	RebuildCommonClasses (92ms)
	RebuildNativeTypeToScriptingClass (20ms)
	initialDomainReloadingComplete (85ms)
	LoadAllAssembliesAndSetupDomain (1694ms)
		LoadAssemblies (2366ms)
		RebuildTransferFunctionScriptingTraits (0ms)
		AnalyzeDomain (48ms)
			TypeCache.Refresh (12ms)
				TypeCache.ScanAssembly (0ms)
			ScanForSourceGeneratedMonoScriptInfo (0ms)
			ResolveRequiredComponents (34ms)
	FinalizeReload (24774ms)
		ReleaseScriptCaches (0ms)
		RebuildScriptCaches (0ms)
		SetupLoadedEditorAssemblies (2536ms)
			LogAssemblyErrors (0ms)
			InitializePlatformSupportModulesInManaged (33ms)
			SetLoadedEditorAssemblies (16ms)
			RefreshPlugins (0ms)
			BeforeProcessingInitializeOnLoad (366ms)
			ProcessInitializeOnLoadAttributes (1686ms)
			ProcessInitializeOnLoadMethodAttributes (401ms)
			AfterProcessingInitializeOnLoad (34ms)
			EditorAssembliesLoaded (1ms)
		ExecutionOrderSort2 (0ms)
		AwakeInstancesAfterBackupRestoration (51ms)
Refreshing native plugins compatible for Editor in 735.57 ms, found 12 plugins.
Preloading 0 native plugins for Editor in 0.00 ms.
Unloading 6809 Unused Serialized files (Serialized files now loaded: 0)
Unloading 97 unused Assets / (2.2 MB). Loaded Objects now: 7549.
Memory consumption went from 254.5 MB to 252.3 MB.
Total: 9.906400 ms (FindLiveObjects: 1.058500 ms CreateObjectMapping: 0.377100 ms MarkObjects: 6.551700 ms  DeleteObjects: 1.916100 ms)

Prepare: number of updated asset objects reloaded= 0
AssetImportParameters requested are different than current active one (requested -> active):
  custom:container-demuxer-ogg: 62fdf1f143b41e24485cea50d1cbac27 -> 
  custom:framework-win-MediaFoundation: 216162199b28c13a410421893ffa2e32 -> 
  custom:container-muxer-webm: aa71ff27fc2769a1b78a27578f13a17b -> 
  custom:video-decoder-webm-vp8: 9c59270c3fd7afecdb556c50c9e8de78 -> 
  custom:SearchIndexIgnoredProperties: e643bd26f0fe6173181afceb89e7c659 -> 
  custom:AudioImporter_EditorPlatform: d09bf68614088b80899f8185d706f6e7 -> 
  custom:audio-decoder-ogg-vorbis: bf7c407c2cedff20999df2af8eb42d56 -> 
  custom:audio-encoder-webm-vorbis: bf7c407c2cedff20999df2af8eb42d56 -> 
  custom:video-codec-MediaFoundation-h265: 746d11721c4dcdbdad8f713fa42b33f4 -> 
  custom:video-decoder-ogg-theora: a1e56fd34408186e4bbccfd4996cb3dc -> 
  custom:CustomObjectIndexerAttribute: 72b91833f83ae208fae7752999fa3104 -> 
  custom:container-demuxer-webm: 4f35f7cbe854078d1ac9338744f61a02 -> 
  custom:video-encoder-webm-vp8: eb34c28f22e8b96e1ab97ce403110664 -> 
========================================================================
Received Prepare
Begin MonoManager ReloadAssembly
- Loaded All Assemblies, in  3.539 seconds
Refreshing native plugins compatible for Editor in 361.11 ms, found 12 plugins.
Native extension for WindowsStandalone target not found
[Package Manager] Server::EnsureServerProcessIsRunning -- launch failed, reason: Unity was launched with the -noUpm command-line argument
[Package Manager] UpmClient::Send -- Unable to send message (not connected to UPM process).
[Package Manager] Cannot connect to Unity Package Manager local server
[Package Manager] Server::EnsureServerProcessIsRunning -- launch failed, reason: Unity was launched with the -noUpm command-line argument
[Package Manager] UpmClient::Send -- Unable to send message (not connected to UPM process).
[Package Manager] Cannot connect to Unity Package Manager local server
Mono: successfully reloaded assembly
[Package Manager] Server::EnsureServerProcessIsRunning -- launch failed, reason: Unity was launched with the -noUpm command-line argument
[Package Manager] UpmClient::Send -- Unable to send message (not connected to UPM process).
[Package Manager] Cannot connect to Unity Package Manager local server
- Finished resetting the current domain, in 46.338 seconds
Domain Reload Profiling: 49850ms
	BeginReloadAssembly (785ms)
		ExecutionOrderSort (0ms)
		DisableScriptedObjects (10ms)
		BackupInstance (0ms)
		ReleaseScriptingObjects (0ms)
		CreateAndSetChildDomain (115ms)
	RebuildCommonClasses (123ms)
	RebuildNativeTypeToScriptingClass (28ms)
	initialDomainReloadingComplete (117ms)
	LoadAllAssembliesAndSetupDomain (2458ms)
		LoadAssemblies (2886ms)
		RebuildTransferFunctionScriptingTraits (0ms)
		AnalyzeDomain (132ms)
			TypeCache.Refresh (26ms)
				TypeCache.ScanAssembly (0ms)
			ScanForSourceGeneratedMonoScriptInfo (2ms)
			ResolveRequiredComponents (101ms)
	FinalizeReload (46339ms)
		ReleaseScriptCaches (0ms)
		RebuildScriptCaches (0ms)
		SetupLoadedEditorAssemblies (2404ms)
			LogAssemblyErrors (0ms)
			InitializePlatformSupportModulesInManaged (35ms)
			SetLoadedEditorAssemblies (34ms)
			RefreshPlugins (0ms)
			BeforeProcessingInitializeOnLoad (412ms)
			ProcessInitializeOnLoadAttributes (1618ms)
			ProcessInitializeOnLoadMethodAttributes (277ms)
			AfterProcessingInitializeOnLoad (27ms)
			EditorAssembliesLoaded (1ms)
		ExecutionOrderSort2 (0ms)
		AwakeInstancesAfterBackupRestoration (46ms)
Refreshing native plugins compatible for Editor in 1011.45 ms, found 12 plugins.
Preloading 0 native plugins for Editor in 0.00 ms.
Unloading 6809 Unused Serialized files (Serialized files now loaded: 0)
Unloading 97 unused Assets / (2.2 MB). Loaded Objects now: 7566.
Memory consumption went from 256.5 MB to 254.3 MB.
Total: 12.877100 ms (FindLiveObjects: 0.907900 ms CreateObjectMapping: 0.521200 ms MarkObjects: 9.164500 ms  DeleteObjects: 2.280700 ms)

Prepare: number of updated asset objects reloaded= 0
AssetImportParameters requested are different than current active one (requested -> active):
  custom:container-demuxer-ogg: 62fdf1f143b41e24485cea50d1cbac27 -> 
  custom:framework-win-MediaFoundation: 216162199b28c13a410421893ffa2e32 -> 
  custom:container-muxer-webm: aa71ff27fc2769a1b78a27578f13a17b -> 
  custom:video-decoder-webm-vp8: 9c59270c3fd7afecdb556c50c9e8de78 -> 
  custom:SearchIndexIgnoredProperties: e643bd26f0fe6173181afceb89e7c659 -> 
  custom:AudioImporter_EditorPlatform: d09bf68614088b80899f8185d706f6e7 -> 
  custom:audio-decoder-ogg-vorbis: bf7c407c2cedff20999df2af8eb42d56 -> 
  custom:audio-encoder-webm-vorbis: bf7c407c2cedff20999df2af8eb42d56 -> 
  custom:video-codec-MediaFoundation-h265: 746d11721c4dcdbdad8f713fa42b33f4 -> 
  custom:video-decoder-ogg-theora: a1e56fd34408186e4bbccfd4996cb3dc -> 
  custom:CustomObjectIndexerAttribute: 72b91833f83ae208fae7752999fa3104 -> 
  custom:container-demuxer-webm: 4f35f7cbe854078d1ac9338744f61a02 -> 
  custom:video-encoder-webm-vp8: eb34c28f22e8b96e1ab97ce403110664 -> 
========================================================================
Received Import Request.
  Time since last request: 2637.142939 seconds.
  path: Assets/9t5 Low Poly Playground/Characters/FBXs/Female Playground.fbx
  artifactKey: Guid(bb206b7feb9ae85408ce4d8b3ec714e2) Importer(815301076,1909f56bfc062723c751e8b465ee728b)
Start importing Assets/9t5 Low Poly Playground/Characters/FBXs/Female Playground.fbx using Guid(bb206b7feb9ae85408ce4d8b3ec714e2) Importer(815301076,1909f56bfc062723c751e8b465ee728b)  -> (artifact id: '92a795b47c742d36f0d9fae37d096edf') in 2.839799 seconds
Number of updated asset objects reloaded before import = 0
Number of asset objects unloaded after import = 182
========================================================================
Received Import Request.
  Time since last request: 10.741434 seconds.
  path: Assets/Resources/InputActions.asset
  artifactKey: Guid(1d1d1e767fb5e824db996d8ee9e66509) Importer(815301076,1909f56bfc062723c751e8b465ee728b)
Start importing Assets/Resources/InputActions.asset using Guid(1d1d1e767fb5e824db996d8ee9e66509) Importer(815301076,1909f56bfc062723c751e8b465ee728b)  -> (artifact id: 'a076658f70ea07f3bcf415ebc8f3b056') in 0.005550 seconds
Number of updated asset objects reloaded before import = 0
Number of asset objects unloaded after import = 1
========================================================================
Received Import Request.
  Time since last request: 0.000174 seconds.
  path: Assets/Resources/OVRPlatformToolSettings.asset
  artifactKey: Guid(007cbfa0463b53b40bfcddc4e63ed4aa) Importer(815301076,1909f56bfc062723c751e8b465ee728b)
Start importing Assets/Resources/OVRPlatformToolSettings.asset using Guid(007cbfa0463b53b40bfcddc4e63ed4aa) Importer(815301076,1909f56bfc062723c751e8b465ee728b)  -> (artifact id: '09facaf0b879faacc1f8171ed35d1fe8') in 0.004230 seconds
Number of updated asset objects reloaded before import = 0
Number of asset objects unloaded after import = 1
========================================================================
Received Import Request.
  Time since last request: 25.917238 seconds.
  path: Assets/9t5 Low Poly Playground/Characters/Male Materials/Male Playground Eyes.mat
  artifactKey: Guid(bf599318ef70d6d429beb68b1077d80d) Importer(815301076,1909f56bfc062723c751e8b465ee728b)
Start importing Assets/9t5 Low Poly Playground/Characters/Male Materials/Male Playground Eyes.mat using Guid(bf599318ef70d6d429beb68b1077d80d) Importer(815301076,1909f56bfc062723c751e8b465ee728b)  -> (artifact id: '9c0f86253df61edf601374ca31efd6bd') in 0.083961 seconds
Number of updated asset objects reloaded before import = 0
Number of asset objects unloaded after import = 2
========================================================================
Received Import Request.
  Time since last request: 0.000383 seconds.
  path: Assets/9t5 Low Poly Playground/Characters/Male Materials/Male Playground Skin 2.mat
  artifactKey: Guid(f7a4606d2f174a64c81a3e50f62bf47a) Importer(815301076,1909f56bfc062723c751e8b465ee728b)
Start importing Assets/9t5 Low Poly Playground/Characters/Male Materials/Male Playground Skin 2.mat using Guid(f7a4606d2f174a64c81a3e50f62bf47a) Importer(815301076,1909f56bfc062723c751e8b465ee728b)  -> (artifact id: '9b697bbff0a0d29fd1c2e2474569962a') in 0.100948 seconds
Number of updated asset objects reloaded before import = 0
Number of asset objects unloaded after import = 2
========================================================================
Received Import Request.
  Time since last request: 0.000244 seconds.
  path: Assets/9t5 Low Poly Playground/Characters/Male Materials/Male Playground Shirt.mat
  artifactKey: Guid(c93767e7c3ca37d4397bab573619dafd) Importer(815301076,1909f56bfc062723c751e8b465ee728b)
Start importing Assets/9t5 Low Poly Playground/Characters/Male Materials/Male Playground Shirt.mat using Guid(c93767e7c3ca37d4397bab573619dafd) Importer(815301076,1909f56bfc062723c751e8b465ee728b)  -> (artifact id: 'ea03aa1e7a2b4f7da57612774bfca878') in 0.075014 seconds
Number of updated asset objects reloaded before import = 0
Number of asset objects unloaded after import = 2
========================================================================
Received Import Request.
  Time since last request: 0.000078 seconds.
  path: Assets/9t5 Low Poly Playground/Characters/Male Materials/Male Playground Shorts 4.mat
  artifactKey: Guid(b12f6dd0607c5a24f8cdfd238d0f53f1) Importer(815301076,1909f56bfc062723c751e8b465ee728b)
Start importing Assets/9t5 Low Poly Playground/Characters/Male Materials/Male Playground Shorts 4.mat using Guid(b12f6dd0607c5a24f8cdfd238d0f53f1) Importer(815301076,1909f56bfc062723c751e8b465ee728b)  -> (artifact id: '03ee7147182e045a35a6ebc763e5f04b') in 0.087357 seconds
Number of updated asset objects reloaded before import = 0
Number of asset objects unloaded after import = 2
========================================================================
Received Import Request.
  Time since last request: 0.000053 seconds.
  path: Assets/9t5 Low Poly Playground/Characters/Male Materials/Male Playground Shorts 1.mat
  artifactKey: Guid(4ab4e015a8a44284b81eb1792dc31fd1) Importer(815301076,1909f56bfc062723c751e8b465ee728b)
Start importing Assets/9t5 Low Poly Playground/Characters/Male Materials/Male Playground Shorts 1.mat using Guid(4ab4e015a8a44284b81eb1792dc31fd1) Importer(815301076,1909f56bfc062723c751e8b465ee728b)  -> (artifact id: 'b51009552c18cb71d68ff3aa64660990') in 0.078776 seconds
Number of updated asset objects reloaded before import = 0
Number of asset objects unloaded after import = 2
========================================================================
Received Import Request.
  Time since last request: 0.000495 seconds.
  path: Assets/9t5 Low Poly Playground/Characters/Male Materials/Male Playground Shirt 3.mat
  artifactKey: Guid(940271523653bff44b15f9cca861312a) Importer(815301076,1909f56bfc062723c751e8b465ee728b)
Start importing Assets/9t5 Low Poly Playground/Characters/Male Materials/Male Playground Shirt 3.mat using Guid(940271523653bff44b15f9cca861312a) Importer(815301076,1909f56bfc062723c751e8b465ee728b)  -> (artifact id: 'd361173445769af05e0a0b17001fa72e') in 0.100738 seconds
Number of updated asset objects reloaded before import = 0
Number of asset objects unloaded after import = 2
========================================================================
Received Import Request.
  Time since last request: 0.000096 seconds.
  path: Assets/9t5 Low Poly Playground/Characters/Male Materials/Male Playground Mouth.mat
  artifactKey: Guid(7fb06ea23efdbb14aa2ad617328f44a6) Importer(815301076,1909f56bfc062723c751e8b465ee728b)
Start importing Assets/9t5 Low Poly Playground/Characters/Male Materials/Male Playground Mouth.mat using Guid(7fb06ea23efdbb14aa2ad617328f44a6) Importer(815301076,1909f56bfc062723c751e8b465ee728b)  -> (artifact id: '2b21ecd643c0e25959ea616a345e3772') in 0.112740 seconds
Number of updated asset objects reloaded before import = 0
Number of asset objects unloaded after import = 2
========================================================================
Received Import Request.
  Time since last request: 0.000197 seconds.
  path: Assets/9t5 Low Poly Playground/Characters/Male Materials/Male Playground Shoes.mat
  artifactKey: Guid(3d9075dfe53b10a4d82d69e1b5309b6d) Importer(815301076,1909f56bfc062723c751e8b465ee728b)
Start importing Assets/9t5 Low Poly Playground/Characters/Male Materials/Male Playground Shoes.mat using Guid(3d9075dfe53b10a4d82d69e1b5309b6d) Importer(815301076,1909f56bfc062723c751e8b465ee728b)  -> (artifact id: '40d0325a95003b986a7296ad2bc5c04d') in 0.068161 seconds
Number of updated asset objects reloaded before import = 0
Number of asset objects unloaded after import = 2
========================================================================
Received Import Request.
  Time since last request: 0.000056 seconds.
  path: Assets/9t5 Low Poly Playground/Characters/Male Materials/Male Playground Shorts 3.mat
  artifactKey: Guid(fbf7dcc6e24b47644b059cbdc98d5dcd) Importer(815301076,1909f56bfc062723c751e8b465ee728b)
Start importing Assets/9t5 Low Poly Playground/Characters/Male Materials/Male Playground Shorts 3.mat using Guid(fbf7dcc6e24b47644b059cbdc98d5dcd) Importer(815301076,1909f56bfc062723c751e8b465ee728b)  -> (artifact id: 'a6ae143d0f2a866dae5c82a047efb37a') in 0.050883 seconds
Number of updated asset objects reloaded before import = 0
Number of asset objects unloaded after import = 2
========================================================================
Received Import Request.
  Time since last request: 0.932262 seconds.
  path: Assets/9t5 Low Poly Playground/Characters/Female Materials/Female Playground Eyes.mat
  artifactKey: Guid(275ee2e418b5c9f46a99302cd7e5ac15) Importer(815301076,1909f56bfc062723c751e8b465ee728b)
Start importing Assets/9t5 Low Poly Playground/Characters/Female Materials/Female Playground Eyes.mat using Guid(275ee2e418b5c9f46a99302cd7e5ac15) Importer(815301076,1909f56bfc062723c751e8b465ee728b)  -> (artifact id: 'd569d3073c66621bba1f4efd2daaa243') in 0.066506 seconds
Number of updated asset objects reloaded before import = 0
Number of asset objects unloaded after import = 2
========================================================================
Received Import Request.
  Time since last request: 0.000055 seconds.
  path: Assets/9t5 Low Poly Playground/Characters/Female Materials/Female Playground Skin 1.mat
  artifactKey: Guid(695870eafb265b749ab716c0ec67ccae) Importer(815301076,1909f56bfc062723c751e8b465ee728b)
Start importing Assets/9t5 Low Poly Playground/Characters/Female Materials/Female Playground Skin 1.mat using Guid(695870eafb265b749ab716c0ec67ccae) Importer(815301076,1909f56bfc062723c751e8b465ee728b)  -> (artifact id: '12437ca8ea99b40b3eb090e21170dc68') in 0.103505 seconds
Number of updated asset objects reloaded before import = 0
Number of asset objects unloaded after import = 2
========================================================================
Received Import Request.
  Time since last request: 0.000591 seconds.
  path: Assets/9t5 Low Poly Playground/Characters/Female Materials/Female Playground Hair Tie.mat
  artifactKey: Guid(06b04e0eff054c54f87265d3cb7402a2) Importer(815301076,1909f56bfc062723c751e8b465ee728b)
Start importing Assets/9t5 Low Poly Playground/Characters/Female Materials/Female Playground Hair Tie.mat using Guid(06b04e0eff054c54f87265d3cb7402a2) Importer(815301076,1909f56bfc062723c751e8b465ee728b)  -> (artifact id: 'fe61948e4f3eea088b4c7b85d843c921') in 0.086110 seconds
Number of updated asset objects reloaded before import = 0
Number of asset objects unloaded after import = 2
========================================================================
Received Import Request.
  Time since last request: 0.000079 seconds.
  path: Assets/9t5 Low Poly Playground/Characters/Female Materials/Female Playground Shirt 6.mat
  artifactKey: Guid(b508c867f80504b4096ce81e4205ecf7) Importer(815301076,1909f56bfc062723c751e8b465ee728b)
Start importing Assets/9t5 Low Poly Playground/Characters/Female Materials/Female Playground Shirt 6.mat using Guid(b508c867f80504b4096ce81e4205ecf7) Importer(815301076,1909f56bfc062723c751e8b465ee728b)  -> (artifact id: '367ff5e61aa390cf13bac220b9ff2ef2') in 0.079914 seconds
Number of updated asset objects reloaded before import = 0
Number of asset objects unloaded after import = 2
========================================================================
Received Import Request.
  Time since last request: 0.000488 seconds.
  path: Assets/9t5 Low Poly Playground/Characters/Female Materials/Female Streamer 2 Hair Tie.mat
  artifactKey: Guid(c4b689e96fecf8645bac79d614ccb8a5) Importer(815301076,1909f56bfc062723c751e8b465ee728b)
Start importing Assets/9t5 Low Poly Playground/Characters/Female Materials/Female Streamer 2 Hair Tie.mat using Guid(c4b689e96fecf8645bac79d614ccb8a5) Importer(815301076,1909f56bfc062723c751e8b465ee728b)  -> (artifact id: 'a74f1a7d847d28e0b3bb89b068eb222e') in 0.075195 seconds
Number of updated asset objects reloaded before import = 0
Number of asset objects unloaded after import = 2
========================================================================
Received Import Request.
  Time since last request: 0.000318 seconds.
  path: Assets/9t5 Low Poly Playground/Characters/Female Materials/Female Playground Shorts 2.mat
  artifactKey: Guid(c4eefda14df1ea246abeec70f9762f1d) Importer(815301076,1909f56bfc062723c751e8b465ee728b)
Start importing Assets/9t5 Low Poly Playground/Characters/Female Materials/Female Playground Shorts 2.mat using Guid(c4eefda14df1ea246abeec70f9762f1d) Importer(815301076,1909f56bfc062723c751e8b465ee728b)  -> (artifact id: 'fb7835d30d5f535520602ed5ab2a645b') in 0.106199 seconds
Number of updated asset objects reloaded before import = 0
Number of asset objects unloaded after import = 2
========================================================================
Received Import Request.
  Time since last request: 0.000077 seconds.
  path: Assets/9t5 Low Poly Playground/Characters/Female Materials/Female Playground Shirt 4.mat
  artifactKey: Guid(17972b6ce99678a4c99ab3d8ef7b1ef3) Importer(815301076,1909f56bfc062723c751e8b465ee728b)
Start importing Assets/9t5 Low Poly Playground/Characters/Female Materials/Female Playground Shirt 4.mat using Guid(17972b6ce99678a4c99ab3d8ef7b1ef3) Importer(815301076,1909f56bfc062723c751e8b465ee728b)  -> (artifact id: 'c3fb67618ee49a6646744573cfcbebd4') in 0.201175 seconds
Number of updated asset objects reloaded before import = 0
Number of asset objects unloaded after import = 2
========================================================================
Received Import Request.
  Time since last request: 0.000690 seconds.
  path: Assets/9t5 Low Poly Playground/Characters/Female Materials/Female Playground Shoes.mat
  artifactKey: Guid(e7693378a97c8c247b946c3f7a9d1972) Importer(815301076,1909f56bfc062723c751e8b465ee728b)
Start importing Assets/9t5 Low Poly Playground/Characters/Female Materials/Female Playground Shoes.mat using Guid(e7693378a97c8c247b946c3f7a9d1972) Importer(815301076,1909f56bfc062723c751e8b465ee728b)  -> (artifact id: '6db1c51cffe8fba157824325896abf8e') in 0.094177 seconds
Number of updated asset objects reloaded before import = 0
Number of asset objects unloaded after import = 2
========================================================================
Received Import Request.
  Time since last request: 0.000172 seconds.
  path: Assets/9t5 Low Poly Playground/Characters/Female Materials/Female Playground Shirt 3.mat
  artifactKey: Guid(93d55791e6c6d48448abff4cdf9c0909) Importer(815301076,1909f56bfc062723c751e8b465ee728b)
Start importing Assets/9t5 Low Poly Playground/Characters/Female Materials/Female Playground Shirt 3.mat using Guid(93d55791e6c6d48448abff4cdf9c0909) Importer(815301076,1909f56bfc062723c751e8b465ee728b)  -> (artifact id: '9ee059c2e7c5c96c5c467342bf8bbf0e') in 0.071681 seconds
Number of updated asset objects reloaded before import = 0
Number of asset objects unloaded after import = 2
========================================================================
Received Import Request.
  Time since last request: 0.000077 seconds.
  path: Assets/9t5 Low Poly Playground/Characters/Female Materials/Female Playground Skin.mat
  artifactKey: Guid(d84ebc5a7419f9345a0f39c7b02f13db) Importer(815301076,1909f56bfc062723c751e8b465ee728b)
Start importing Assets/9t5 Low Poly Playground/Characters/Female Materials/Female Playground Skin.mat using Guid(d84ebc5a7419f9345a0f39c7b02f13db) Importer(815301076,1909f56bfc062723c751e8b465ee728b)  -> (artifact id: '34c05389dc39c10892392a3a0321953d') in 0.050812 seconds
Number of updated asset objects reloaded before import = 0
Number of asset objects unloaded after import = 2
========================================================================
Received Import Request.
  Time since last request: 0.000093 seconds.
  path: Assets/9t5 Low Poly Playground/Characters/Female Materials/Female Streamer 2 Hair.mat
  artifactKey: Guid(e3e0f460e00924f4497a843ffe8e0ea0) Importer(815301076,1909f56bfc062723c751e8b465ee728b)
Start importing Assets/9t5 Low Poly Playground/Characters/Female Materials/Female Streamer 2 Hair.mat using Guid(e3e0f460e00924f4497a843ffe8e0ea0) Importer(815301076,1909f56bfc062723c751e8b465ee728b)  -> (artifact id: '05fbb4ee170acd4fbc5277e4d9e666d2') in 0.058011 seconds
Number of updated asset objects reloaded before import = 0
Number of asset objects unloaded after import = 2
========================================================================
Received Import Request.
  Time since last request: 1.712297 seconds.
  path: Assets/9t5 Low Poly Playground/FBXs/2 Stair.fbx
  artifactKey: Guid(83b12325f103869438521066e983a382) Importer(815301076,1909f56bfc062723c751e8b465ee728b)
Start importing Assets/9t5 Low Poly Playground/FBXs/2 Stair.fbx using Guid(83b12325f103869438521066e983a382) Importer(815301076,1909f56bfc062723c751e8b465ee728b)  -> (artifact id: '09e9cf8c14f7885526ade6cae3e58b63') in 0.105479 seconds
Number of updated asset objects reloaded before import = 0
Number of asset objects unloaded after import = 10
========================================================================
Received Import Request.
  Time since last request: 0.000510 seconds.
  path: Assets/9t5 Low Poly Playground/FBXs/Seesaw.fbx
  artifactKey: Guid(3126671fc16f7e94eb2ce832fc279c82) Importer(815301076,1909f56bfc062723c751e8b465ee728b)
Start importing Assets/9t5 Low Poly Playground/FBXs/Seesaw.fbx using Guid(3126671fc16f7e94eb2ce832fc279c82) Importer(815301076,1909f56bfc062723c751e8b465ee728b)  -> (artifact id: '6577a0206d11f45b8a93484c7e40df2c') in 0.225920 seconds
Number of updated asset objects reloaded before import = 0
Number of asset objects unloaded after import = 20
========================================================================
Received Import Request.
  Time since last request: 0.000097 seconds.
  path: Assets/9t5 Low Poly Playground/FBXs/Playground Ground.fbx
  artifactKey: Guid(d8551b0780ae3fc43b8487836880ebe6) Importer(815301076,1909f56bfc062723c751e8b465ee728b)
Start importing Assets/9t5 Low Poly Playground/FBXs/Playground Ground.fbx using Guid(d8551b0780ae3fc43b8487836880ebe6) Importer(815301076,1909f56bfc062723c751e8b465ee728b)  -> (artifact id: '35a7aec65582fbf799f94d3a1081eb19') in 0.120528 seconds
Number of updated asset objects reloaded before import = 0
Number of asset objects unloaded after import = 10
========================================================================
Received Import Request.
  Time since last request: 0.000098 seconds.
  path: Assets/9t5 Low Poly Playground/FBXs/Playground Roof.fbx
  artifactKey: Guid(bd74683177ece074f9bf819400e20e55) Importer(815301076,1909f56bfc062723c751e8b465ee728b)
Start importing Assets/9t5 Low Poly Playground/FBXs/Playground Roof.fbx using Guid(bd74683177ece074f9bf819400e20e55) Importer(815301076,1909f56bfc062723c751e8b465ee728b)  -> (artifact id: '20c8cb1425ff71da5e7d9c130026a63d') in 0.083385 seconds
Number of updated asset objects reloaded before import = 0
Number of asset objects unloaded after import = 11
========================================================================
Received Import Request.
  Time since last request: 0.000102 seconds.
  path: Assets/9t5 Low Poly Playground/FBXs/Playground Platform.fbx
  artifactKey: Guid(2f191fb91a0948f4ba6916a67230896e) Importer(815301076,1909f56bfc062723c751e8b465ee728b)
Start importing Assets/9t5 Low Poly Playground/FBXs/Playground Platform.fbx using Guid(2f191fb91a0948f4ba6916a67230896e) Importer(815301076,1909f56bfc062723c751e8b465ee728b)  -> (artifact id: 'aba566fb6a422755886e82fbe860b7fc') in 0.089782 seconds
Number of updated asset objects reloaded before import = 0
Number of asset objects unloaded after import = 9
========================================================================
Received Import Request.
  Time since last request: 0.000043 seconds.
  path: Assets/9t5 Low Poly Playground/FBXs/Fireman Pole.fbx
  artifactKey: Guid(17ae898bd6462714fbab01d55709110e) Importer(815301076,1909f56bfc062723c751e8b465ee728b)
Start importing Assets/9t5 Low Poly Playground/FBXs/Fireman Pole.fbx using Guid(17ae898bd6462714fbab01d55709110e) Importer(815301076,1909f56bfc062723c751e8b465ee728b)  -> (artifact id: 'd57db6ee5958eebfb2732b558a968d51') in 0.107419 seconds
Number of updated asset objects reloaded before import = 0
Number of asset objects unloaded after import = 11
========================================================================
Received Import Request.
  Time since last request: 0.000072 seconds.
  path: Assets/9t5 Low Poly Playground/FBXs/Playground Ground Straight.fbx
  artifactKey: Guid(67396c65079007044884341847e353e3) Importer(815301076,1909f56bfc062723c751e8b465ee728b)
Start importing Assets/9t5 Low Poly Playground/FBXs/Playground Ground Straight.fbx using Guid(67396c65079007044884341847e353e3) Importer(815301076,1909f56bfc062723c751e8b465ee728b)  -> (artifact id: '064a6b093640b53b835bda1aa1889fab') in 0.158442 seconds
Number of updated asset objects reloaded before import = 0
Number of asset objects unloaded after import = 10
========================================================================
Received Import Request.
  Time since last request: 0.000050 seconds.
  path: Assets/9t5 Low Poly Playground/FBXs/Rock 10.fbx
  artifactKey: Guid(f0176e01774060149a12f0b2fc3e6cf0) Importer(815301076,1909f56bfc062723c751e8b465ee728b)
Start importing Assets/9t5 Low Poly Playground/FBXs/Rock 10.fbx using Guid(f0176e01774060149a12f0b2fc3e6cf0) Importer(815301076,1909f56bfc062723c751e8b465ee728b)  -> (artifact id: '28dd22698da4439dff81ae726b270b45') in 0.113284 seconds
Number of updated asset objects reloaded before import = 0
Number of asset objects unloaded after import = 9
========================================================================
Received Import Request.
  Time since last request: 0.000304 seconds.
  path: Assets/9t5 Low Poly Playground/FBXs/Pull Up Bar 2.fbx
  artifactKey: Guid(e8a2c5ab14439a248a4046952d4ae928) Importer(815301076,1909f56bfc062723c751e8b465ee728b)
Start importing Assets/9t5 Low Poly Playground/FBXs/Pull Up Bar 2.fbx using Guid(e8a2c5ab14439a248a4046952d4ae928) Importer(815301076,1909f56bfc062723c751e8b465ee728b)  -> (artifact id: 'ece49f9835698022a50c0662eabf3c8e') in 0.165274 seconds
Number of updated asset objects reloaded before import = 0
Number of asset objects unloaded after import = 10
========================================================================
Received Import Request.
  Time since last request: 0.000071 seconds.
  path: Assets/9t5 Low Poly Playground/FBXs/Rock 11.fbx
  artifactKey: Guid(c8a43022190c78a4da1cd8c3a5c465b5) Importer(815301076,1909f56bfc062723c751e8b465ee728b)
Start importing Assets/9t5 Low Poly Playground/FBXs/Rock 11.fbx using Guid(c8a43022190c78a4da1cd8c3a5c465b5) Importer(815301076,1909f56bfc062723c751e8b465ee728b)  -> (artifact id: '7894eaaa120270d49c4ca3ffd67b626e') in 0.121081 seconds
Number of updated asset objects reloaded before import = 0
Number of asset objects unloaded after import = 9
========================================================================
Received Import Request.
  Time since last request: 0.000080 seconds.
  path: Assets/9t5 Low Poly Playground/FBXs/Roundabout.fbx
  artifactKey: Guid(b332f3162fe31e44fa912067acfcd610) Importer(815301076,1909f56bfc062723c751e8b465ee728b)
Start importing Assets/9t5 Low Poly Playground/FBXs/Roundabout.fbx using Guid(b332f3162fe31e44fa912067acfcd610) Importer(815301076,1909f56bfc062723c751e8b465ee728b)  -> (artifact id: 'aa36d6185034f4c1fc0e6c352717ef67') in 0.168395 seconds
Number of updated asset objects reloaded before import = 0
Number of asset objects unloaded after import = 19
========================================================================
Received Import Request.
  Time since last request: 0.000051 seconds.
  path: Assets/9t5 Low Poly Playground/FBXs/Rock 9.fbx
  artifactKey: Guid(d8d27264c7ae1c24f80ad1f52153d9c6) Importer(815301076,1909f56bfc062723c751e8b465ee728b)
Start importing Assets/9t5 Low Poly Playground/FBXs/Rock 9.fbx using Guid(d8d27264c7ae1c24f80ad1f52153d9c6) Importer(815301076,1909f56bfc062723c751e8b465ee728b)  -> (artifact id: '8f074a698de208b294caa693cae60829') in 0.133276 seconds
Number of updated asset objects reloaded before import = 0
Number of asset objects unloaded after import = 9
========================================================================
Received Import Request.
  Time since last request: 0.000120 seconds.
  path: Assets/9t5 Low Poly Playground/FBXs/Playground Flag.fbx
  artifactKey: Guid(469db77cc8d4f934d962b6819313ad2e) Importer(815301076,1909f56bfc062723c751e8b465ee728b)
Start importing Assets/9t5 Low Poly Playground/FBXs/Playground Flag.fbx using Guid(469db77cc8d4f934d962b6819313ad2e) Importer(815301076,1909f56bfc062723c751e8b465ee728b)  -> (artifact id: '031e14d8cb650a647be9c74e3ceeb4ed') in 0.172620 seconds
Number of updated asset objects reloaded before import = 0
Number of asset objects unloaded after import = 10
========================================================================
Received Import Request.
  Time since last request: 0.000148 seconds.
  path: Assets/9t5 Low Poly Playground/FBXs/Playground Walkway.fbx
  artifactKey: Guid(87980f362f13b7f49b9b0cef665ed719) Importer(815301076,1909f56bfc062723c751e8b465ee728b)
Start importing Assets/9t5 Low Poly Playground/FBXs/Playground Walkway.fbx using Guid(87980f362f13b7f49b9b0cef665ed719) Importer(815301076,1909f56bfc062723c751e8b465ee728b)  -> (artifact id: 'c06ef80ef8791b9aa69367a1cd4354b0') in 0.150879 seconds
Number of updated asset objects reloaded before import = 0
Number of asset objects unloaded after import = 12
========================================================================
Received Import Request.
  Time since last request: 0.000064 seconds.
  path: Assets/9t5 Low Poly Playground/FBXs/4 Stair.fbx
  artifactKey: Guid(af7149b4297d09d499dd18ad90814b11) Importer(815301076,1909f56bfc062723c751e8b465ee728b)
Start importing Assets/9t5 Low Poly Playground/FBXs/4 Stair.fbx using Guid(af7149b4297d09d499dd18ad90814b11) Importer(815301076,1909f56bfc062723c751e8b465ee728b)  -> (artifact id: 'efa6772952fa3cf7f3adcde7373d7fc3') in 0.134474 seconds
Number of updated asset objects reloaded before import = 0
Number of asset objects unloaded after import = 10
========================================================================
Received Import Request.
  Time since last request: 0.000351 seconds.
  path: Assets/9t5 Low Poly Playground/FBXs/Playground Supports.fbx
  artifactKey: Guid(e42812c9cbea15d4082d1242d111bfb0) Importer(815301076,1909f56bfc062723c751e8b465ee728b)
Start importing Assets/9t5 Low Poly Playground/FBXs/Playground Supports.fbx using Guid(e42812c9cbea15d4082d1242d111bfb0) Importer(815301076,1909f56bfc062723c751e8b465ee728b)  -> (artifact id: '7ce51da54987867c018bbf384aeb49c7') in 0.259952 seconds
Number of updated asset objects reloaded before import = 0
Number of asset objects unloaded after import = 27
========================================================================
Received Import Request.
  Time since last request: 0.000054 seconds.
  path: Assets/9t5 Low Poly Playground/FBXs/Running Wheel.fbx
  artifactKey: Guid(f4fe1794e53bb27489147486632fe7d1) Importer(815301076,1909f56bfc062723c751e8b465ee728b)
Start importing Assets/9t5 Low Poly Playground/FBXs/Running Wheel.fbx using Guid(f4fe1794e53bb27489147486632fe7d1) Importer(815301076,1909f56bfc062723c751e8b465ee728b)  -> (artifact id: '02e60e5d4482e73d7b55fdeddc20c102') in 0.188429 seconds
Number of updated asset objects reloaded before import = 0
Number of asset objects unloaded after import = 19
========================================================================
Received Import Request.
  Time since last request: 0.000081 seconds.
  path: Assets/9t5 Low Poly Playground/FBXs/Shrub 1.fbx
  artifactKey: Guid(674bdef7b28bf124aa4cd4291ff6759c) Importer(815301076,1909f56bfc062723c751e8b465ee728b)
Start importing Assets/9t5 Low Poly Playground/FBXs/Shrub 1.fbx using Guid(674bdef7b28bf124aa4cd4291ff6759c) Importer(815301076,1909f56bfc062723c751e8b465ee728b)  -> (artifact id: '1f1d9547b0b45b56bdd65fa4db06c626') in 0.121936 seconds
Number of updated asset objects reloaded before import = 0
Number of asset objects unloaded after import = 10
========================================================================
Received Import Request.
  Time since last request: 0.000053 seconds.
  path: Assets/9t5 Low Poly Playground/FBXs/Shrub 3.fbx
  artifactKey: Guid(4c8a1660a88a66245ab0ff63602a2af7) Importer(815301076,1909f56bfc062723c751e8b465ee728b)
Start importing Assets/9t5 Low Poly Playground/FBXs/Shrub 3.fbx using Guid(4c8a1660a88a66245ab0ff63602a2af7) Importer(815301076,1909f56bfc062723c751e8b465ee728b)  -> (artifact id: '70ac62c8817f5d747175842298f69727') in 0.160413 seconds
Number of updated asset objects reloaded before import = 0
Number of asset objects unloaded after import = 10
========================================================================
Received Import Request.
  Time since last request: 0.000129 seconds.
  path: Assets/9t5 Low Poly Playground/FBXs/Rock 4.fbx
  artifactKey: Guid(6a80e75f74dc452449c0230a0c1e4e96) Importer(815301076,1909f56bfc062723c751e8b465ee728b)
Start importing Assets/9t5 Low Poly Playground/FBXs/Rock 4.fbx using Guid(6a80e75f74dc452449c0230a0c1e4e96) Importer(815301076,1909f56bfc062723c751e8b465ee728b)  -> (artifact id: '6012a84061ec44cdf63395effc063cde') in 0.101680 seconds
Number of updated asset objects reloaded before import = 0
Number of asset objects unloaded after import = 9
========================================================================
Received Prepare
Begin MonoManager ReloadAssembly
- Loaded All Assemblies, in  4.524 seconds
Refreshing native plugins compatible for Editor in 386.19 ms, found 12 plugins.
Native extension for WindowsStandalone target not found
[Package Manager] Server::EnsureServerProcessIsRunning -- launch failed, reason: Unity was launched with the -noUpm command-line argument
[Package Manager] UpmClient::Send -- Unable to send message (not connected to UPM process).
[Package Manager] Cannot connect to Unity Package Manager local server
[Package Manager] Server::EnsureServerProcessIsRunning -- launch failed, reason: Unity was launched with the -noUpm command-line argument
[Package Manager] UpmClient::Send -- Unable to send message (not connected to UPM process).
[Package Manager] Cannot connect to Unity Package Manager local server
Mono: successfully reloaded assembly
[Package Manager] Server::EnsureServerProcessIsRunning -- launch failed, reason: Unity was launched with the -noUpm command-line argument
[Package Manager] UpmClient::Send -- Unable to send message (not connected to UPM process).
[Package Manager] Cannot connect to Unity Package Manager local server
- Finished resetting the current domain, in 53.628 seconds
Domain Reload Profiling: 58115ms
	BeginReloadAssembly (1059ms)
		ExecutionOrderSort (0ms)
		DisableScriptedObjects (36ms)
		BackupInstance (0ms)
		ReleaseScriptingObjects (0ms)
		CreateAndSetChildDomain (129ms)
	RebuildCommonClasses (187ms)
	RebuildNativeTypeToScriptingClass (55ms)
	initialDomainReloadingComplete (181ms)
	LoadAllAssembliesAndSetupDomain (3002ms)
		LoadAssemblies (3652ms)
		RebuildTransferFunctionScriptingTraits (0ms)
		AnalyzeDomain (112ms)
			TypeCache.Refresh (21ms)
				TypeCache.ScanAssembly (0ms)
			ScanForSourceGeneratedMonoScriptInfo (1ms)
			ResolveRequiredComponents (86ms)
	FinalizeReload (53630ms)
		ReleaseScriptCaches (0ms)
		RebuildScriptCaches (0ms)
		SetupLoadedEditorAssemblies (3716ms)
			LogAssemblyErrors (0ms)
			InitializePlatformSupportModulesInManaged (41ms)
			SetLoadedEditorAssemblies (37ms)
			RefreshPlugins (0ms)
			BeforeProcessingInitializeOnLoad (628ms)
			ProcessInitializeOnLoadAttributes (2503ms)
			ProcessInitializeOnLoadMethodAttributes (432ms)
			AfterProcessingInitializeOnLoad (74ms)
			EditorAssembliesLoaded (2ms)
		ExecutionOrderSort2 (0ms)
		AwakeInstancesAfterBackupRestoration (69ms)
Refreshing native plugins compatible for Editor in 1393.34 ms, found 12 plugins.
Preloading 0 native plugins for Editor in 0.00 ms.
Unloading 6809 Unused Serialized files (Serialized files now loaded: 0)
Unloading 97 unused Assets / (2.2 MB). Loaded Objects now: 7624.
Memory consumption went from 260.4 MB to 258.2 MB.
Total: 20.842800 ms (FindLiveObjects: 1.396200 ms CreateObjectMapping: 0.885600 ms MarkObjects: 14.164800 ms  DeleteObjects: 4.391400 ms)

Prepare: number of updated asset objects reloaded= 0
AssetImportParameters requested are different than current active one (requested -> active):
  custom:container-demuxer-ogg: 62fdf1f143b41e24485cea50d1cbac27 -> 
  custom:framework-win-MediaFoundation: 216162199b28c13a410421893ffa2e32 -> 
  custom:container-muxer-webm: aa71ff27fc2769a1b78a27578f13a17b -> 
  custom:video-decoder-webm-vp8: 9c59270c3fd7afecdb556c50c9e8de78 -> 
  custom:SearchIndexIgnoredProperties: e643bd26f0fe6173181afceb89e7c659 -> 
  custom:AudioImporter_EditorPlatform: d09bf68614088b80899f8185d706f6e7 -> 
  custom:audio-decoder-ogg-vorbis: bf7c407c2cedff20999df2af8eb42d56 -> 
  custom:audio-encoder-webm-vorbis: bf7c407c2cedff20999df2af8eb42d56 -> 
  custom:video-codec-MediaFoundation-h265: 746d11721c4dcdbdad8f713fa42b33f4 -> 
  custom:video-decoder-ogg-theora: a1e56fd34408186e4bbccfd4996cb3dc -> 
  custom:CustomObjectIndexerAttribute: 72b91833f83ae208fae7752999fa3104 -> 
  custom:container-demuxer-webm: 4f35f7cbe854078d1ac9338744f61a02 -> 
  custom:video-encoder-webm-vp8: eb34c28f22e8b96e1ab97ce403110664 -> 
========================================================================
Received Import Request.
  Time since last request: 4314.775540 seconds.
  path: Assets/9t5 Low Poly Playground/FBXs/Slide 3.fbx
  artifactKey: Guid(a03ecd9b58577d84eb6e9e9f6b73f8cb) Importer(815301076,1909f56bfc062723c751e8b465ee728b)
Start importing Assets/9t5 Low Poly Playground/FBXs/Slide 3.fbx using Guid(a03ecd9b58577d84eb6e9e9f6b73f8cb) Importer(815301076,1909f56bfc062723c751e8b465ee728b)  -> (artifact id: 'a6b11df23fb2c42e2801402fb11a12e3') in 2.775817 seconds
Number of updated asset objects reloaded before import = 0
Number of asset objects unloaded after import = 29
========================================================================
Received Prepare
Begin MonoManager ReloadAssembly
- Loaded All Assemblies, in  6.434 seconds
Refreshing native plugins compatible for Editor in 324.63 ms, found 12 plugins.
Native extension for WindowsStandalone target not found
[Package Manager] Server::EnsureServerProcessIsRunning -- launch failed, reason: Unity was launched with the -noUpm command-line argument
[Package Manager] UpmClient::Send -- Unable to send message (not connected to UPM process).
[Package Manager] Cannot connect to Unity Package Manager local server
[Package Manager] Server::EnsureServerProcessIsRunning -- launch failed, reason: Unity was launched with the -noUpm command-line argument
[Package Manager] UpmClient::Send -- Unable to send message (not connected to UPM process).
[Package Manager] Cannot connect to Unity Package Manager local server
Mono: successfully reloaded assembly
[Package Manager] Server::EnsureServerProcessIsRunning -- launch failed, reason: Unity was launched with the -noUpm command-line argument
[Package Manager] UpmClient::Send -- Unable to send message (not connected to UPM process).
[Package Manager] Cannot connect to Unity Package Manager local server
- Finished resetting the current domain, in 54.797 seconds
Domain Reload Profiling: 61177ms
	BeginReloadAssembly (1799ms)
		ExecutionOrderSort (0ms)
		DisableScriptedObjects (32ms)
		BackupInstance (0ms)
		ReleaseScriptingObjects (1ms)
		CreateAndSetChildDomain (488ms)
	RebuildCommonClasses (259ms)
	RebuildNativeTypeToScriptingClass (58ms)
	initialDomainReloadingComplete (273ms)
	LoadAllAssembliesAndSetupDomain (3987ms)
		LoadAssemblies (4845ms)
		RebuildTransferFunctionScriptingTraits (0ms)
		AnalyzeDomain (231ms)
			TypeCache.Refresh (74ms)
				TypeCache.ScanAssembly (0ms)
			ScanForSourceGeneratedMonoScriptInfo (5ms)
			ResolveRequiredComponents (139ms)
	FinalizeReload (54800ms)
		ReleaseScriptCaches (0ms)
		RebuildScriptCaches (0ms)
		SetupLoadedEditorAssemblies (6742ms)
			LogAssemblyErrors (0ms)
			InitializePlatformSupportModulesInManaged (40ms)
			SetLoadedEditorAssemblies (33ms)
			RefreshPlugins (0ms)
			BeforeProcessingInitializeOnLoad (1258ms)
			ProcessInitializeOnLoadAttributes (4818ms)
			ProcessInitializeOnLoadMethodAttributes (486ms)
			AfterProcessingInitializeOnLoad (104ms)
			EditorAssembliesLoaded (4ms)
		ExecutionOrderSort2 (0ms)
		AwakeInstancesAfterBackupRestoration (133ms)
Refreshing native plugins compatible for Editor in 1053.49 ms, found 12 plugins.
Preloading 0 native plugins for Editor in 0.00 ms.
Unloading 6809 Unused Serialized files (Serialized files now loaded: 0)
Unloading 97 unused Assets / (2.3 MB). Loaded Objects now: 7678.
Memory consumption went from 262.5 MB to 260.2 MB.
Total: 24.423100 ms (FindLiveObjects: 1.747600 ms CreateObjectMapping: 1.549900 ms MarkObjects: 16.747200 ms  DeleteObjects: 4.372800 ms)

Prepare: number of updated asset objects reloaded= 0
AssetImportParameters requested are different than current active one (requested -> active):
  custom:container-demuxer-ogg: 62fdf1f143b41e24485cea50d1cbac27 -> 
  custom:framework-win-MediaFoundation: 216162199b28c13a410421893ffa2e32 -> 
  custom:container-muxer-webm: aa71ff27fc2769a1b78a27578f13a17b -> 
  custom:video-decoder-webm-vp8: 9c59270c3fd7afecdb556c50c9e8de78 -> 
  custom:SearchIndexIgnoredProperties: e643bd26f0fe6173181afceb89e7c659 -> 
  custom:AudioImporter_EditorPlatform: d09bf68614088b80899f8185d706f6e7 -> 
  custom:audio-decoder-ogg-vorbis: bf7c407c2cedff20999df2af8eb42d56 -> 
  custom:audio-encoder-webm-vorbis: bf7c407c2cedff20999df2af8eb42d56 -> 
  custom:video-codec-MediaFoundation-h265: 746d11721c4dcdbdad8f713fa42b33f4 -> 
  custom:video-decoder-ogg-theora: a1e56fd34408186e4bbccfd4996cb3dc -> 
  custom:CustomObjectIndexerAttribute: 72b91833f83ae208fae7752999fa3104 -> 
  custom:container-demuxer-webm: 4f35f7cbe854078d1ac9338744f61a02 -> 
  custom:video-encoder-webm-vp8: eb34c28f22e8b96e1ab97ce403110664 -> 
